// Jest Snapshot v1, https://goo.gl/fbAQLP

exports[`Renders a list of issues matches snapshot 1`] = `null`;
